#-----------------------------------------------------------
# Vivado v2023.2 (64-bit)
# SW Build 4029153 on Fri Oct 13 20:14:34 MDT 2023
# IP Build 4028589 on Sat Oct 14 00:45:43 MDT 2023
# SharedData Build 4025554 on Tue Oct 10 17:18:54 MDT 2023
# Start of session at: Mon Sep  9 12:49:50 2024
# Process ID: 9476
# Current directory: H:/EGRE365/lab2/lab2
# Command line: vivado.exe -gui_launcher_event rodinguilauncherevent10428 H:\EGRE365\lab2\lab2\lab2.xpr
# Log file: H:/EGRE365/lab2/lab2/vivado.log
# Journal file: H:/EGRE365/lab2/lab2\vivado.jou
# Running On: EGR-W447-04, OS: Windows, CPU Frequency: 3696 MHz, CPU Physical cores: 6, Host memory: 34178 MB
#-----------------------------------------------------------
start_gui
open_project H:/EGRE365/lab2/lab2/lab2.xpr
update_compile_order -fileset sources_1
launch_simulation
source testbench.tcl
restart
run 210 ns
restart
run 210 ns
save_wave_config {H:/EGRE365/lab2/lab2/testbench_behav.wcfg}
add_files -fileset sim_1 -norecurse H:/EGRE365/lab2/lab2/testbench_behav.wcfg
set_property xsim.view H:/EGRE365/lab2/lab2/testbench_behav.wcfg [get_filesets sim_1]
close_sim
